hello world!
7 squared is 49
3.14|    42|0007|ff|   hi|50%
n = 7
[2, 3, 4] [0, 1, 2] [5, 6, 7] [0, 2, 4, 6] [7, 6, 5, 4, 3, 2, 1, 0] [5, 6, 7]
hello world dlrow olleh
[0, 2, 4, 6, 8] [0, 4, 16, 36, 64]
[[0, 'a'], [1, 'b'], [2, 'c']]
45
4 3
9 9
1 99
True True True False
big
1 7 6 -6 256 16
28
1024 True 4
inline body works
3
